// Jest Snapshot v1, https://goo.gl/fbAQLP

exports[`requireAuth should render without crashing 1`] = `[Function]`;
