// Jest Snapshot v1, https://goo.gl/fbAQLP

exports[`<UserProfile /> should render correctly 1`] = `
ShallowWrapper {
  "length": 1,
  "node": <div
    className="body"
  >
    <withRouter(Connect(UserMenu))
      editProfile={[MockFunction]}
      fetchUser={
        [MockFunction] {
          "calls": Array [
            Array [
              1,
            ],
          ],
        }
      }
      userData={
        Object {
          "currentUser": Object {
            "email": "chibuezeayogu@hotmail.com",
            "id": 1,
          },
          "isAuthenticated": true,
        }
      }
    />
    <div
      className="main"
    >
      <div
        className="container"
      >
        <div
          className="row white"
          style={
            Object {
              "height": 100,
            }
          }
        >
          <h4
            className="center"
          >
            Profile 
          </h4>
          <hr />
        </div>
        <form
          onSubmit={[Function]}
        >
          <div
            className="row profile-details-page"
          >
            <div
              className="col s12 m6 l5"
            >
              <img
                alt=""
                className="responsive-img circle center profile-image"
                src={undefined}
              />
            </div>
            <div
              className="col s12 m6 l7"
            >
              <div
                className="profile-input-display"
              >
                <div
                  className="profile-label"
                >
                  FIRST NAME
                </div>
                <input
                  className="profile-input"
                  disabled={true}
                  id="firstName"
                  name="firstName"
                  onChange={[Function]}
                  type="text"
                  value=""
                />
                <span
                  className="right red-text error-margin"
                />
              </div>
              <div
                className="profile-input-display"
              >
                <div
                  className="profile-label"
                >
                  LAST NAME
                </div>
                <input
                  className="profile-input"
                  disabled={true}
                  name="lastName"
                  onChange={[Function]}
                  type="text"
                  value=""
                />
                <span
                  className="right red-text error-margin"
                />
              </div>
              <div
                className="profile-input-display"
              >
                <div
                  className="profile-label"
                >
                  PHONE
                </div>
                <input
                  className="profile-input"
                  disabled={true}
                  name="phone"
                  onChange={[Function]}
                  type="text"
                  value=""
                />
                <span
                  className="right red-text error-margin"
                />
              </div>
              <div
                className="profile-input-display"
              >
                <div
                  className="profile-label"
                >
                  LOCATION
                </div>
                <input
                  className="profile-input"
                  disabled={true}
                  name="location"
                  onChange={[Function]}
                  type="text"
                  value=""
                />
                <span
                  className="right red-text error-margin"
                />
              </div>
              <div
                className="profile-input-display"
              >
                <div
                  className="profile-label"
                >
                  ADDRESS
                </div>
                <input
                  className="profile-input"
                  disabled={true}
                  name="address"
                  onChange={[Function]}
                  type="text"
                  value=""
                />
                <span
                  className="right red-text error-margin"
                />
              </div>
              <div
                className="file-field input-field"
                style={
                  Object {
                    "display": "none",
                  }
                }
              >
                <div
                  className="btn green"
                >
                  <span>
                    <i
                      className="material-icons"
                    >
                      insert_photo
                    </i>
                  </span>
                  <input
                    id="image"
                    multiple={true}
                    onChange={[Function]}
                    type="file"
                  />
                </div>
                <div
                  className="file-path-wrapper"
                >
                  <input
                    className="file-path validate"
                    placeholder="Upload profile image"
                    type="text"
                  />
                </div>
                <span
                  className="right red-text error-margin"
                />
              </div>
              <div>
                <button
                  className="btn modal-trigger green"
                  id="edit"
                  onClick={[Function]}
                  style={
                    Object {
                      "marginRight": 5,
                    }
                  }
                >
                  Edit
                </button>
                <button
                  className="btn green"
                  disabled={true}
                  id="update"
                  style={
                    Object {
                      "marginRight": 5,
                    }
                  }
                >
                  Update
                </button>
                <button
                  className="btn red lighten-1"
                  id="cancel"
                  onClick={[Function]}
                >
                  Cancel
                </button>
              </div>
              <hr />
              <div
                className="row center"
              >
                <div>
                  
                </div>
              </div>
            </div>
          </div>
        </form>
      </div>
    </div>
    <Footer />
  </div>,
  "nodes": Array [
    <div
      className="body"
    >
      <withRouter(Connect(UserMenu))
        editProfile={[MockFunction]}
        fetchUser={
          [MockFunction] {
            "calls": Array [
              Array [
                1,
              ],
            ],
          }
        }
        userData={
          Object {
            "currentUser": Object {
              "email": "chibuezeayogu@hotmail.com",
              "id": 1,
            },
            "isAuthenticated": true,
          }
        }
      />
      <div
        className="main"
      >
        <div
          className="container"
        >
          <div
            className="row white"
            style={
              Object {
                "height": 100,
              }
            }
          >
            <h4
              className="center"
            >
              Profile 
            </h4>
            <hr />
          </div>
          <form
            onSubmit={[Function]}
          >
            <div
              className="row profile-details-page"
            >
              <div
                className="col s12 m6 l5"
              >
                <img
                  alt=""
                  className="responsive-img circle center profile-image"
                  src={undefined}
                />
              </div>
              <div
                className="col s12 m6 l7"
              >
                <div
                  className="profile-input-display"
                >
                  <div
                    className="profile-label"
                  >
                    FIRST NAME
                  </div>
                  <input
                    className="profile-input"
                    disabled={true}
                    id="firstName"
                    name="firstName"
                    onChange={[Function]}
                    type="text"
                    value=""
                  />
                  <span
                    className="right red-text error-margin"
                  />
                </div>
                <div
                  className="profile-input-display"
                >
                  <div
                    className="profile-label"
                  >
                    LAST NAME
                  </div>
                  <input
                    className="profile-input"
                    disabled={true}
                    name="lastName"
                    onChange={[Function]}
                    type="text"
                    value=""
                  />
                  <span
                    className="right red-text error-margin"
                  />
                </div>
                <div
                  className="profile-input-display"
                >
                  <div
                    className="profile-label"
                  >
                    PHONE
                  </div>
                  <input
                    className="profile-input"
                    disabled={true}
                    name="phone"
                    onChange={[Function]}
                    type="text"
                    value=""
                  />
                  <span
                    className="right red-text error-margin"
                  />
                </div>
                <div
                  className="profile-input-display"
                >
                  <div
                    className="profile-label"
                  >
                    LOCATION
                  </div>
                  <input
                    className="profile-input"
                    disabled={true}
                    name="location"
                    onChange={[Function]}
                    type="text"
                    value=""
                  />
                  <span
                    className="right red-text error-margin"
                  />
                </div>
                <div
                  className="profile-input-display"
                >
                  <div
                    className="profile-label"
                  >
                    ADDRESS
                  </div>
                  <input
                    className="profile-input"
                    disabled={true}
                    name="address"
                    onChange={[Function]}
                    type="text"
                    value=""
                  />
                  <span
                    className="right red-text error-margin"
                  />
                </div>
                <div
                  className="file-field input-field"
                  style={
                    Object {
                      "display": "none",
                    }
                  }
                >
                  <div
                    className="btn green"
                  >
                    <span>
                      <i
                        className="material-icons"
                      >
                        insert_photo
                      </i>
                    </span>
                    <input
                      id="image"
                      multiple={true}
                      onChange={[Function]}
                      type="file"
                    />
                  </div>
                  <div
                    className="file-path-wrapper"
                  >
                    <input
                      className="file-path validate"
                      placeholder="Upload profile image"
                      type="text"
                    />
                  </div>
                  <span
                    className="right red-text error-margin"
                  />
                </div>
                <div>
                  <button
                    className="btn modal-trigger green"
                    id="edit"
                    onClick={[Function]}
                    style={
                      Object {
                        "marginRight": 5,
                      }
                    }
                  >
                    Edit
                  </button>
                  <button
                    className="btn green"
                    disabled={true}
                    id="update"
                    style={
                      Object {
                        "marginRight": 5,
                      }
                    }
                  >
                    Update
                  </button>
                  <button
                    className="btn red lighten-1"
                    id="cancel"
                    onClick={[Function]}
                  >
                    Cancel
                  </button>
                </div>
                <hr />
                <div
                  className="row center"
                >
                  <div>
                    
                  </div>
                </div>
              </div>
            </div>
          </form>
        </div>
      </div>
      <Footer />
    </div>,
  ],
  "options": Object {},
  "renderer": ReactShallowRenderer {
    "_instance": ShallowComponentWrapper {
      "_calledComponentWillUnmount": false,
      "_compositeType": 0,
      "_context": Object {},
      "_currentElement": <UserProfile
        editProfile={[MockFunction]}
        fetchUser={
          [MockFunction] {
            "calls": Array [
              Array [
                1,
              ],
            ],
          }
        }
        userData={
          Object {
            "currentUser": Object {
              "email": "chibuezeayogu@hotmail.com",
              "id": 1,
            },
            "isAuthenticated": true,
          }
        }
      />,
      "_debugID": 1,
      "_hostContainerInfo": null,
      "_hostParent": null,
      "_instance": UserProfile {
        "_reactInternalInstance": [Circular],
        "context": Object {},
        "handleCancel": [Function],
        "handleChange": [Function],
        "handleEdit": [Function],
        "handleImageChange": [Function],
        "handleOnsubmit": [Function],
        "props": Object {
          "editProfile": [MockFunction],
          "fetchUser": [MockFunction] {
            "calls": Array [
              Array [
                1,
              ],
            ],
          },
          "userData": Object {
            "currentUser": Object {
              "email": "chibuezeayogu@hotmail.com",
              "id": 1,
            },
            "isAuthenticated": true,
          },
        },
        "refs": Object {},
        "state": Object {
          "address": "",
          "disabled": true,
          "errors": Object {},
          "firstName": "",
          "id": "",
          "image": Object {},
          "imageUrl": "",
          "lastName": "",
          "location": "",
          "onUpdate": false,
          "phone": "",
        },
        "updater": Object {
          "enqueueCallback": [Function],
          "enqueueCallbackInternal": [Function],
          "enqueueElementInternal": [Function],
          "enqueueForceUpdate": [Function],
          "enqueueReplaceState": [Function],
          "enqueueSetState": [Function],
          "isMounted": [Function],
          "validateCallback": [Function],
        },
      },
      "_mountOrder": 1,
      "_pendingCallbacks": null,
      "_pendingElement": null,
      "_pendingForceUpdate": false,
      "_pendingReplaceState": false,
      "_pendingStateQueue": null,
      "_renderedComponent": NoopInternalComponent {
        "_currentElement": <div
          className="body"
        >
          <withRouter(Connect(UserMenu))
            editProfile={[MockFunction]}
            fetchUser={
              [MockFunction] {
                "calls": Array [
                  Array [
                    1,
                  ],
                ],
              }
            }
            userData={
              Object {
                "currentUser": Object {
                  "email": "chibuezeayogu@hotmail.com",
                  "id": 1,
                },
                "isAuthenticated": true,
              }
            }
          />
          <div
            className="main"
          >
            <div
              className="container"
            >
              <div
                className="row white"
                style={
                  Object {
                    "height": 100,
                  }
                }
              >
                <h4
                  className="center"
                >
                  Profile 
                </h4>
                <hr />
              </div>
              <form
                onSubmit={[Function]}
              >
                <div
                  className="row profile-details-page"
                >
                  <div
                    className="col s12 m6 l5"
                  >
                    <img
                      alt=""
                      className="responsive-img circle center profile-image"
                      src={undefined}
                    />
                  </div>
                  <div
                    className="col s12 m6 l7"
                  >
                    <div
                      className="profile-input-display"
                    >
                      <div
                        className="profile-label"
                      >
                        FIRST NAME
                      </div>
                      <input
                        className="profile-input"
                        disabled={true}
                        id="firstName"
                        name="firstName"
                        onChange={[Function]}
                        type="text"
                        value=""
                      />
                      <span
                        className="right red-text error-margin"
                      />
                    </div>
                    <div
                      className="profile-input-display"
                    >
                      <div
                        className="profile-label"
                      >
                        LAST NAME
                      </div>
                      <input
                        className="profile-input"
                        disabled={true}
                        name="lastName"
                        onChange={[Function]}
                        type="text"
                        value=""
                      />
                      <span
                        className="right red-text error-margin"
                      />
                    </div>
                    <div
                      className="profile-input-display"
                    >
                      <div
                        className="profile-label"
                      >
                        PHONE
                      </div>
                      <input
                        className="profile-input"
                        disabled={true}
                        name="phone"
                        onChange={[Function]}
                        type="text"
                        value=""
                      />
                      <span
                        className="right red-text error-margin"
                      />
                    </div>
                    <div
                      className="profile-input-display"
                    >
                      <div
                        className="profile-label"
                      >
                        LOCATION
                      </div>
                      <input
                        className="profile-input"
                        disabled={true}
                        name="location"
                        onChange={[Function]}
                        type="text"
                        value=""
                      />
                      <span
                        className="right red-text error-margin"
                      />
                    </div>
                    <div
                      className="profile-input-display"
                    >
                      <div
                        className="profile-label"
                      >
                        ADDRESS
                      </div>
                      <input
                        className="profile-input"
                        disabled={true}
                        name="address"
                        onChange={[Function]}
                        type="text"
                        value=""
                      />
                      <span
                        className="right red-text error-margin"
                      />
                    </div>
                    <div
                      className="file-field input-field"
                      style={
                        Object {
                          "display": "none",
                        }
                      }
                    >
                      <div
                        className="btn green"
                      >
                        <span>
                          <i
                            className="material-icons"
                          >
                            insert_photo
                          </i>
                        </span>
                        <input
                          id="image"
                          multiple={true}
                          onChange={[Function]}
                          type="file"
                        />
                      </div>
                      <div
                        className="file-path-wrapper"
                      >
                        <input
                          className="file-path validate"
                          placeholder="Upload profile image"
                          type="text"
                        />
                      </div>
                      <span
                        className="right red-text error-margin"
                      />
                    </div>
                    <div>
                      <button
                        className="btn modal-trigger green"
                        id="edit"
                        onClick={[Function]}
                        style={
                          Object {
                            "marginRight": 5,
                          }
                        }
                      >
                        Edit
                      </button>
                      <button
                        className="btn green"
                        disabled={true}
                        id="update"
                        style={
                          Object {
                            "marginRight": 5,
                          }
                        }
                      >
                        Update
                      </button>
                      <button
                        className="btn red lighten-1"
                        id="cancel"
                        onClick={[Function]}
                      >
                        Cancel
                      </button>
                    </div>
                    <hr />
                    <div
                      className="row center"
                    >
                      <div>
                        
                      </div>
                    </div>
                  </div>
                </div>
              </form>
            </div>
          </div>
          <Footer />
        </div>,
        "_debugID": 2,
        "_renderedOutput": <div
          className="body"
        >
          <withRouter(Connect(UserMenu))
            editProfile={[MockFunction]}
            fetchUser={
              [MockFunction] {
                "calls": Array [
                  Array [
                    1,
                  ],
                ],
              }
            }
            userData={
              Object {
                "currentUser": Object {
                  "email": "chibuezeayogu@hotmail.com",
                  "id": 1,
                },
                "isAuthenticated": true,
              }
            }
          />
          <div
            className="main"
          >
            <div
              className="container"
            >
              <div
                className="row white"
                style={
                  Object {
                    "height": 100,
                  }
                }
              >
                <h4
                  className="center"
                >
                  Profile 
                </h4>
                <hr />
              </div>
              <form
                onSubmit={[Function]}
              >
                <div
                  className="row profile-details-page"
                >
                  <div
                    className="col s12 m6 l5"
                  >
                    <img
                      alt=""
                      className="responsive-img circle center profile-image"
                      src={undefined}
                    />
                  </div>
                  <div
                    className="col s12 m6 l7"
                  >
                    <div
                      className="profile-input-display"
                    >
                      <div
                        className="profile-label"
                      >
                        FIRST NAME
                      </div>
                      <input
                        className="profile-input"
                        disabled={true}
                        id="firstName"
                        name="firstName"
                        onChange={[Function]}
                        type="text"
                        value=""
                      />
                      <span
                        className="right red-text error-margin"
                      />
                    </div>
                    <div
                      className="profile-input-display"
                    >
                      <div
                        className="profile-label"
                      >
                        LAST NAME
                      </div>
                      <input
                        className="profile-input"
                        disabled={true}
                        name="lastName"
                        onChange={[Function]}
                        type="text"
                        value=""
                      />
                      <span
                        className="right red-text error-margin"
                      />
                    </div>
                    <div
                      className="profile-input-display"
                    >
                      <div
                        className="profile-label"
                      >
                        PHONE
                      </div>
                      <input
                        className="profile-input"
                        disabled={true}
                        name="phone"
                        onChange={[Function]}
                        type="text"
                        value=""
                      />
                      <span
                        className="right red-text error-margin"
                      />
                    </div>
                    <div
                      className="profile-input-display"
                    >
                      <div
                        className="profile-label"
                      >
                        LOCATION
                      </div>
                      <input
                        className="profile-input"
                        disabled={true}
                        name="location"
                        onChange={[Function]}
                        type="text"
                        value=""
                      />
                      <span
                        className="right red-text error-margin"
                      />
                    </div>
                    <div
                      className="profile-input-display"
                    >
                      <div
                        className="profile-label"
                      >
                        ADDRESS
                      </div>
                      <input
                        className="profile-input"
                        disabled={true}
                        name="address"
                        onChange={[Function]}
                        type="text"
                        value=""
                      />
                      <span
                        className="right red-text error-margin"
                      />
                    </div>
                    <div
                      className="file-field input-field"
                      style={
                        Object {
                          "display": "none",
                        }
                      }
                    >
                      <div
                        className="btn green"
                      >
                        <span>
                          <i
                            className="material-icons"
                          >
                            insert_photo
                          </i>
                        </span>
                        <input
                          id="image"
                          multiple={true}
                          onChange={[Function]}
                          type="file"
                        />
                      </div>
                      <div
                        className="file-path-wrapper"
                      >
                        <input
                          className="file-path validate"
                          placeholder="Upload profile image"
                          type="text"
                        />
                      </div>
                      <span
                        className="right red-text error-margin"
                      />
                    </div>
                    <div>
                      <button
                        className="btn modal-trigger green"
                        id="edit"
                        onClick={[Function]}
                        style={
                          Object {
                            "marginRight": 5,
                          }
                        }
                      >
                        Edit
                      </button>
                      <button
                        className="btn green"
                        disabled={true}
                        id="update"
                        style={
                          Object {
                            "marginRight": 5,
                          }
                        }
                      >
                        Update
                      </button>
                      <button
                        className="btn red lighten-1"
                        id="cancel"
                        onClick={[Function]}
                      >
                        Cancel
                      </button>
                    </div>
                    <hr />
                    <div
                      className="row center"
                    >
                      <div>
                        
                      </div>
                    </div>
                  </div>
                </div>
              </form>
            </div>
          </div>
          <Footer />
        </div>,
      },
      "_renderedNodeType": 0,
      "_rootNodeID": 0,
      "_topLevelWrapper": null,
      "_updateBatchNumber": null,
      "_warnedAboutRefsInRender": false,
    },
    "getRenderOutput": [Function],
    "render": [Function],
  },
  "root": [Circular],
  "unrendered": <UserProfile
    editProfile={[MockFunction]}
    fetchUser={
      [MockFunction] {
        "calls": Array [
          Array [
            1,
          ],
        ],
      }
    }
    userData={
      Object {
        "currentUser": Object {
          "email": "chibuezeayogu@hotmail.com",
          "id": 1,
        },
        "isAuthenticated": true,
      }
    }
  />,
}
`;
